Framebuffer (MSAA 4x) incomplete
Framebuffer: MSAA 4x no soportado, cayendo a 0x
[LGDC 2026-09-15T12:39:37.877Z] launch catalog
[LGDC 2026-09-15T12:39:37.980Z] launch getbest EB040
[LGDC 2026-09-15T12:39:39.149Z] launch gambit foF2 2026.09.11T12:45
[LGDC 2026-09-15T12:39:39.278Z] result ok gambit foF2 2026.09.11T12:45
[LGDC 2026-09-15T12:39:39.415Z] gate-consult deny gambit foF2 2026.09.11T13:00 ms-since-last=1435
Framebuffer (MSAA 4x) incomplete
[LGDC 2026-09-15T12:39:45.155Z] gate-consult deny gambit foF2 2026.09.11T13:00 ms-since-last=7175
[LGDC 2026-09-15T12:39:49.981Z] launch getbest JR055
[LGDC 2026-09-15T12:39:50.955Z] gate-consult deny gambit foF2 2026.09.11T13:00 ms-since-last=974
[LGDC 2026-09-15T12:39:56.522Z] gate-consult deny gambit foF2 2026.09.11T13:00 ms-since-last=6541
[LGDC 2026-09-15T12:40:01.982Z] launch getbest PQ052
[LGDC 2026-09-15T12:40:02.092Z] gate-consult deny gambit foF2 2026.09.11T13:00 ms-since-last=110
[LGDC 2026-09-15T12:40:07.656Z] gate-consult deny gambit foF2 2026.09.11T13:00 ms-since-last=5674
[LGDC 2026-09-15T12:40:13.221Z] gate-consult deny gambit foF2 2026.09.11T13:00 ms-since-last=11239
[LGDC 2026-09-15T12:40:13.987Z] launch getbest KL154
[LGDC 2026-09-15T12:40:18.792Z] gate-consult deny gambit foF2 2026.09.11T13:00 ms-since-last=4805
[LGDC 2026-09-15T12:40:24.358Z] gate-consult deny gambit foF2 2026.09.11T13:00 ms-since-last=10371
[LGDC 2026-09-15T12:40:25.991Z] launch getbest GM037
[LGDC 2026-09-15T12:40:29.908Z] gate-consult deny gambit foF2 2026.09.11T13:00 ms-since-last=3917
[LGDC 2026-09-15T12:40:35.455Z] gate-consult deny gambit foF2 2026.09.11T13:00 ms-since-last=9464
[LGDC 2026-09-15T12:40:38.001Z] launch getbest KI167
[LGDC 2026-09-15T12:40:41.006Z] gate-consult deny gambit foF2 2026.09.11T13:00 ms-since-last=3005
[LGDC 2026-09-15T12:40:46.544Z] gate-consult deny gambit foF2 2026.09.11T13:00 ms-since-last=8543
[LGDC 2026-09-15T12:40:50.005Z] launch getbest VT139
[LGDC 2026-09-15T12:40:52.076Z] gate-consult deny gambit foF2 2026.09.11T13:00 ms-since-last=2071
[LGDC 2026-09-15T12:40:57.618Z] gate-consult deny gambit foF2 2026.09.11T13:00 ms-since-last=7613
[LGDC 2026-09-15T12:41:02.005Z] launch getbest FF051
[LGDC 2026-09-15T12:41:03.169Z] gate-consult deny gambit foF2 2026.09.11T13:00 ms-since-last=1164
[LGDC 2026-09-15T12:41:08.716Z] gate-consult deny gambit foF2 2026.09.11T13:00 ms-since-last=6711
[LGDC 2026-09-15T12:41:14.020Z] launch getbest EA036
[LGDC 2026-09-15T12:41:14.264Z] gate-consult deny gambit foF2 2026.09.11T13:00 ms-since-last=244
[LGDC 2026-09-15T12:41:19.813Z] gate-consult deny gambit foF2 2026.09.11T13:00 ms-since-last=5793
[LGDC 2026-09-15T12:41:25.394Z] gate-consult deny gambit foF2 2026.09.11T13:00 ms-since-last=11374
[LGDC 2026-09-15T12:41:26.020Z] launch getbest LD160
[LGDC 2026-09-15T12:41:30.935Z] gate-consult deny gambit foF2 2026.09.11T13:00 ms-since-last=4915
[LGDC 2026-09-15T12:41:36.493Z] gate-consult deny gambit foF2 2026.09.11T13:00 ms-since-last=10473
[LGDC 2026-09-15T12:41:38.021Z] launch getbest RV149
[LGDC 2026-09-15T12:41:42.058Z] gate-consult deny gambit foF2 2026.09.11T13:00 ms-since-last=4037
[LGDC 2026-09-15T12:41:47.618Z] gate-consult deny gambit foF2 2026.09.11T13:00 ms-since-last=9597
[LGDC 2026-09-15T12:41:50.033Z] launch getbest OL246
[LGDC 2026-09-15T12:41:53.162Z] gate-consult deny gambit foF2 2026.09.11T13:00 ms-since-last=3129
[LGDC 2026-09-15T12:41:58.865Z] gate-consult deny gambit foF2 2026.09.11T13:00 ms-since-last=8832
[LGDC 2026-09-15T12:42:02.039Z] launch getbest AT138
[LGDC 2026-09-15T12:42:04.533Z] gate-consult deny gambit foF2 2026.09.11T13:00 ms-since-last=2494
[LGDC 2026-09-15T12:42:10.101Z] gate-consult deny gambit foF2 2026.09.11T13:00 ms-since-last=8062
[LGDC 2026-09-15T12:42:14.045Z] launch getbest MZ152
[LGDC 2026-09-15T12:42:15.674Z] gate-consult deny gambit foF2 2026.09.11T13:00 ms-since-last=1629
[LGDC 2026-09-15T12:42:21.277Z] gate-consult deny gambit foF2 2026.09.11T13:00 ms-since-last=7232
[LGDC 2026-09-15T12:42:26.052Z] launch getbest RL052
[LGDC 2026-09-15T12:42:26.824Z] gate-consult deny gambit foF2 2026.09.11T13:00 ms-since-last=772
[LGDC 2026-09-15T12:42:32.380Z] gate-consult deny gambit foF2 2026.09.11T13:00 ms-since-last=6328
[LGDC 2026-09-15T12:42:37.970Z] gate-consult deny gambit foF2 2026.09.11T13:00 ms-since-last=11918
[LGDC 2026-09-15T12:42:38.060Z] launch getbest TR170
[LGDC 2026-09-15T12:42:43.536Z] gate-consult deny gambit foF2 2026.09.11T13:00 ms-since-last=5476
[LGDC 2026-09-15T12:42:49.097Z] gate-consult deny gambit foF2 2026.09.11T13:00 ms-since-last=11037
[LGDC 2026-09-15T12:42:50.061Z] launch getbest DB049
[LGDC 2026-09-15T12:42:54.628Z] gate-consult deny gambit foF2 2026.09.11T13:00 ms-since-last=4567
[LGDC 2026-09-15T12:43:00.205Z] gate-consult deny gambit foF2 2026.09.11T13:00 ms-since-last=10144
[LGDC 2026-09-15T12:43:02.069Z] launch getbest SO148
[LGDC 2026-09-15T12:43:05.776Z] gate-consult deny gambit foF2 2026.09.11T13:00 ms-since-last=3707
[LGDC 2026-09-15T12:43:11.349Z] gate-consult deny gambit foF2 2026.09.11T13:00 ms-since-last=9280
[LGDC 2026-09-15T12:43:14.073Z] launch getbest EG931
[LGDC 2026-09-15T12:43:16.911Z] gate-consult deny gambit foF2 2026.09.11T13:00 ms-since-last=2838
[LGDC 2026-09-15T12:43:22.476Z] gate-consult deny gambit foF2 2026.09.11T13:00 ms-since-last=8403
[LGDC 2026-09-15T12:43:26.074Z] launch getbest CS839
[LGDC 2026-09-15T12:43:28.035Z] gate-consult deny gambit foF2 2026.09.11T13:00 ms-since-last=1961
[LGDC 2026-09-15T12:43:33.628Z] gate-consult deny gambit foF2 2026.09.11T13:00 ms-since-last=7554
[LGDC 2026-09-15T12:43:38.083Z] launch getbest TR169
[LGDC 2026-09-15T12:43:39.221Z] gate-consult deny gambit foF2 2026.09.11T13:00 ms-since-last=1138
[LGDC 2026-09-15T12:43:44.780Z] gate-consult deny gambit foF2 2026.09.11T13:00 ms-since-last=6697
[LGDC 2026-09-15T12:43:50.092Z] launch getbest PF765
[LGDC 2026-09-15T12:43:50.348Z] gate-consult deny gambit foF2 2026.09.11T13:00 ms-since-last=256
[LGDC 2026-09-15T12:43:55.941Z] gate-consult deny gambit foF2 2026.09.11T13:00 ms-since-last=5849
[LGDC 2026-09-15T12:44:01.503Z] gate-consult deny gambit foF2 2026.09.11T13:00 ms-since-last=11411
[LGDC 2026-09-15T12:44:02.095Z] launch getbest AU930
[LGDC 2026-09-15T12:44:07.058Z] gate-consult deny gambit foF2 2026.09.11T13:00 ms-since-last=4963
[LGDC 2026-09-15T12:44:12.626Z] gate-consult deny gambit foF2 2026.09.11T13:00 ms-since-last=10531
[LGDC 2026-09-15T12:44:14.098Z] launch getbest EI764
[LGDC 2026-09-15T12:44:18.196Z] gate-consult deny gambit foF2 2026.09.11T13:00 ms-since-last=4098
[LGDC 2026-09-15T12:44:23.746Z] gate-consult deny gambit foF2 2026.09.11T13:00 ms-since-last=9648
[LGDC 2026-09-15T12:44:26.112Z] launch getbest BVJ03
[LGDC 2026-09-15T12:44:29.345Z] gate-consult deny gambit foF2 2026.09.11T13:00 ms-since-last=3233
[LGDC 2026-09-15T12:44:34.917Z] gate-consult deny gambit foF2 2026.09.11T13:00 ms-since-last=8805
[LGDC 2026-09-15T12:44:38.116Z] launch getbest AC843
[LGDC 2026-09-15T12:44:40.489Z] gate-consult deny gambit foF2 2026.09.11T13:00 ms-since-last=2373
[LGDC 2026-09-15T12:44:46.046Z] gate-consult deny gambit foF2 2026.09.11T13:00 ms-since-last=7930
[LGDC 2026-09-15T12:44:50.126Z] launch getbest BC840
[LGDC 2026-09-15T12:44:51.596Z] gate-consult deny gambit foF2 2026.09.11T13:00 ms-since-last=1470
[LGDC 2026-09-15T12:44:57.135Z] gate-consult deny gambit foF2 2026.09.11T13:00 ms-since-last=7009
[LGDC 2026-09-15T12:45:02.139Z] launch getbest TNJ20
[LGDC 2026-09-15T12:45:02.696Z] gate-consult deny gambit foF2 2026.09.11T13:00 ms-since-last=557
[LGDC 2026-09-15T12:45:08.239Z] gate-consult deny gambit foF2 2026.09.11T13:00 ms-since-last=6100
[LGDC 2026-09-15T12:45:13.837Z] gate-consult deny gambit foF2 2026.09.11T13:00 ms-since-last=11698
[LGDC 2026-09-15T12:45:14.144Z] launch getbest CAJ2M
[LGDC 2026-09-15T12:45:19.392Z] gate-consult deny gambit foF2 2026.09.11T13:00 ms-since-last=5248
[LGDC 2026-09-15T12:45:24.945Z] gate-consult deny gambit foF2 2026.09.11T13:00 ms-since-last=10801
[LGDC 2026-09-15T12:45:26.158Z] launch getbest CXM9B
[LGDC 2026-09-15T12:45:30.516Z] gate-consult deny gambit foF2 2026.09.11T13:00 ms-since-last=4358
[LGDC 2026-09-15T12:45:36.108Z] gate-consult deny gambit foF2 2026.09.11T13:00 ms-since-last=9950
[LGDC 2026-09-15T12:45:38.160Z] launch getbest LA42Q
[LGDC 2026-09-15T12:45:41.673Z] gate-consult deny gambit foF2 2026.09.11T13:00 ms-since-last=3513
[LGDC 2026-09-15T12:45:47.249Z] gate-consult deny gambit foF2 2026.09.11T13:00 ms-since-last=9089
[LGDC 2026-09-15T12:45:50.167Z] launch getbest BLJ03
[LGDC 2026-09-15T12:45:52.818Z] gate-consult deny gambit foF2 2026.09.11T13:00 ms-since-last=2651
[LGDC 2026-09-15T12:45:58.402Z] gate-consult deny gambit foF2 2026.09.11T13:00 ms-since-last=8235
[LGDC 2026-09-15T12:46:02.181Z] launch getbest CB53N
[LGDC 2026-09-15T12:46:04.037Z] gate-consult deny gambit foF2 2026.09.11T13:00 ms-since-last=1856
[LGDC 2026-09-15T12:46:09.631Z] gate-consult deny gambit foF2 2026.09.11T13:00 ms-since-last=7450
[LGDC 2026-09-15T12:46:14.197Z] launch getbest TO535
[LGDC 2026-09-15T12:46:15.228Z] gate-consult deny gambit foF2 2026.09.11T13:00 ms-since-last=1031
[LGDC 2026-09-15T12:46:20.823Z] gate-consult deny gambit foF2 2026.09.11T13:00 ms-since-last=6626
[LGDC 2026-09-15T12:46:26.197Z] launch getbest SMK29
[LGDC 2026-09-15T12:46:26.499Z] gate-consult deny gambit foF2 2026.09.11T13:00 ms-since-last=302
[LGDC 2026-09-15T12:46:32.102Z] gate-consult deny gambit foF2 2026.09.11T13:00 ms-since-last=5905
[LGDC 2026-09-15T12:46:37.669Z] gate-consult deny gambit foF2 2026.09.11T13:00 ms-since-last=11472
[LGDC 2026-09-15T12:46:38.198Z] launch getbest NI135
[LGDC 2026-09-15T12:46:43.295Z] gate-consult deny gambit foF2 2026.09.11T13:00 ms-since-last=5097
[LGDC 2026-09-15T12:46:48.906Z] gate-consult deny gambit foF2 2026.09.11T13:00 ms-since-last=10708
[LGDC 2026-09-15T12:46:50.208Z] launch getbest DH224
[LGDC 2026-09-15T12:46:54.487Z] gate-consult deny gambit foF2 2026.09.11T13:00 ms-since-last=4279
[LGDC 2026-09-15T12:47:00.078Z] gate-consult deny gambit foF2 2026.09.11T13:00 ms-since-last=9870
[LGDC 2026-09-15T12:47:02.208Z] launch getbest XI434
